
> openclaw@2026.2.27 start C:\Users\downl\Desktop\clawdbot-main3\clawdbot-main
> node scripts/run-node.mjs

node.exe : [openclaw] Building TypeScript (dist is stale).
発生場所 C:\Users\downl\AppData\Roaming\npm\pnpm.ps1:24 文字:5
+     & "node$exe"  "$basedir/node_modules/pnpm/bin/pnpm.cjs" $args
+     ~~~~~~~~~~~~~~~~~~~~~~~~~~~~~~~~~~~~~~~~~~~~~~~~~~~~~~~~~~~~~
    + CategoryInfo          : NotSpecified: ([openclaw] Buil...dist is stale).:String) [], RemoteException
    + FullyQualifiedErrorId : NativeCommandError
 
邃ｹ tsdown v0.20.3 powered by rolldown v1.0.0-rc.3
邃ｹ config file: C:\Users\downl\Desktop\clawdbot-main3\clawdbot-main\tsdown.config.ts 
邃ｹ entry: src\index.ts
邃ｹ target: node22.12.0
邃ｹ tsconfig: tsconfig.json
邃ｹ entry: src\cli\daemon-cli.ts
邃ｹ target: node22.12.0
邃ｹ tsconfig: tsconfig.json
邃ｹ entry: src\entry.ts
邃ｹ target: node22.12.0
邃ｹ tsconfig: tsconfig.json
邃ｹ entry: src\infra\warning-filter.ts
邃ｹ target: node22.12.0
邃ｹ tsconfig: tsconfig.json
邃ｹ entry: src\plugin-sdk\index.ts
邃ｹ target: node22.12.0
邃ｹ tsconfig: tsconfig.json
邃ｹ entry: src\plugin-sdk\account-id.ts
邃ｹ target: node22.12.0
邃ｹ tsconfig: tsconfig.json
邃ｹ entry: src\extensionAPI.ts
邃ｹ target: node22.12.0
邃ｹ tsconfig: tsconfig.json
邃ｹ entry: src\hooks\llm-slug-generator.ts, src\hooks\bundled\boot-md\handler.ts, src\hooks\bundled\command-logger\handler.ts, src\hooks\bundled\bootstrap-extra-files\handler.ts, src\hooks\bundled\session-memory\handler.ts
邃ｹ target: node22.12.0
邃ｹ tsconfig: tsconfig.json
邃ｹ Build start
邃ｹ dist\plugin-sdk\account-id.js  1.10 kB 笏・gzip: 0.50 kB
邃ｹ 1 files, total: 1.10 kB
邃ｹ dist\warning-filter.js  1.74 kB 笏・gzip: 0.65 kB
邃ｹ 1 files, total: 1.74 kB
笨・Build complete in 916ms
笨・Build complete in 918ms

 ERROR  Error: Build failed with 1 error:

[31m[UNRESOLVED_IMPORT] Error:[0m Could not resolve '../../../infra/retry.js' in src/agents/pi-embedded-helpers/retry
.ts
   [38;5;246m笊ｭ[0m[38;5;246m笏[0m[38;5;246m[[0m src/agents/pi-embedded-helpers/retry.ts:3:28 [38;5;246m][0m
   [38;5;246m笏・[0m
 [38;5;246m3 笏・[0m [38;5;249mi[0m[38;5;249mm[0m[38;5;249mp[0m[38;5;249mo[0m[38;5;249mr[0m[38;5;249mt[0m[3
8;5;249m [0m[38;5;249m{[0m[38;5;249m [0m[38;5;249mr[0m[38;5;249me[0m[38;5;249mt[0m[38;5;249mr[0m[38;5;249
my[0m[38;5;249mA[0m[38;5;249ms[0m[38;5;249my[0m[38;5;249mn[0m[38;5;249mc[0m[38;5;249m [0m[38;5;249m}[0m
[38;5;249m [0m[38;5;249mf[0m[38;5;249mr[0m[38;5;249mo[0m[38;5;249mm[0m[38;5;249m [0m"../../../infra/retry.js
"[38;5;249m;[0m
 [38;5;240m  笏・[0m                            笏笏笏笏笏笏笏笏笏笏笏笏笏ｬ笏笏笏笏笏笏笏笏笏笏笏笏  
 [38;5;240m  笏・[0m                                        笊ｰ笏笏笏笏笏笏笏笏笏笏笏笏笏笏 Module not found.
 [38;5;240m  笏・[0m 
 [38;5;240m  笏・[0m [38;5;115mHelp[0m: 'src/agents/pi-embedded-helpers/retry.ts' is imported by the following path:
 [38;5;240m  笏・[0m         - src/agents/pi-embedded-helpers/retry.ts
 [38;5;240m  笏・[0m         - src/agents/pi-embedded-runner/run/attempt.ts
 [38;5;240m  笏・[0m         - src/agents/pi-embedded-runner/run.ts
 [38;5;240m  笏・[0m         - src/agents/pi-embedded-runner.ts
 [38;5;240m  笏・[0m         - src/agents/pi-embedded.ts
 [38;5;240m  笏・[0m         - src/hooks/llm-slug-generator.ts
[38;5;246m笏笏笏笊ｯ[0m

    at aggregateBindingErrorsIntoJsError (file:///C:/Users/downl/Desktop/clawdbot-main3/clawdbot-main/node_modules/.pnp
m/rolldown@1.0.0-rc.3/node_modules/rolldown/dist/shared/bindingify-input-options-CorDub0q.mjs:628:18)
    at unwrapBindingResult (file:///C:/Users/downl/Desktop/clawdbot-main3/clawdbot-main/node_modules/.pnpm/rolldown@1.0
.0-rc.3/node_modules/rolldown/dist/shared/bindingify-input-options-CorDub0q.mjs:598:128)
    at #build (file:///C:/Users/downl/Desktop/clawdbot-main3/clawdbot-main/node_modules/.pnpm/rolldown@1.0.0-rc.3/node_
modules/rolldown/dist/shared/rolldown-build-CGNuOAoF.mjs:3345:34)
    at async build (file:///C:/Users/downl/Desktop/clawdbot-main3/clawdbot-main/node_modules/.pnpm/rolldown@1.0.0-rc.3/
node_modules/rolldown/dist/index.mjs:47:22)
    at async Promise.all (index 0)
    at async buildSingle (file:///C:/Users/downl/Desktop/clawdbot-main3/clawdbot-main/node_modules/.pnpm/tsdown@0.20.3_
@typescript+n_7dea415d792f741ce8c75e78cbaacdb4/node_modules/tsdown/dist/build-C5RQkVSf.mjs:852:19)
    at async Promise.all (index 7)
    at async buildWithConfigs (file:///C:/Users/downl/Desktop/clawdbot-main3/clawdbot-main/node_modules/.pnpm/tsdown@0.
20.3_@typescript+n_7dea415d792f741ce8c75e78cbaacdb4/node_modules/tsdown/dist/build-C5RQkVSf.mjs:813:18)
    at async CAC.<anonymous> (file:///C:/Users/downl/Desktop/clawdbot-main3/clawdbot-main/node_modules/.pnpm/tsdown@0.2
0.3_@typescript+n_7dea415d792f741ce8c75e78cbaacdb4/node_modules/tsdown/dist/run.mjs:23:2)
    at async runCLI (file:///C:/Users/downl/Desktop/clawdbot-main3/clawdbot-main/node_modules/.pnpm/tsdown@0.20.3_@type
script+n_7dea415d792f741ce8c75e78cbaacdb4/node_modules/tsdown/dist/run.mjs:47:3)

窶右LIFECYCLE窶・Command failed with exit code 1.
